
running 1 test
Render result: <svg xmlns="http://www.w3.org/2000/svg" viewBox="0 0 293.23 200" width="293.23" height="200" style="--bg:#FFFFFF;--fg:#27272A;background:var(--bg)">
<style>
  @import url('https://fonts.googleapis.com/css2?family=Inter:wght@400;500;600;700&amp;display=swap');
  text { font-family: 'Inter', system-ui, sans-serif; }
  svg {
    /* Derived from --bg and --fg (overridable via --line, --accent, etc.) */
    --_text:          var(--fg);
    --_text-sec:      var(--muted, color-mix(in srgb, var(--fg) 60%, var(--bg)));
    --_text-muted:    var(--muted, color-mix(in srgb, var(--fg) 40%, var(--bg)));
    --_text-faint:    color-mix(in srgb, var(--fg) 25%, var(--bg));
    --_line:          var(--line, color-mix(in srgb, var(--fg) 50%, var(--bg)));
    --_arrow:         var(--accent, color-mix(in srgb, var(--fg) 85%, var(--bg)));
    --_node-fill:     var(--surface, color-mix(in srgb, var(--fg) 3%, var(--bg)));
    --_node-stroke:   var(--border, color-mix(in srgb, var(--fg) 20%, var(--bg)));
    --_group-fill:    var(--bg);
    --_group-hdr:     color-mix(in srgb, var(--fg) 5%, var(--bg));
    --_inner-stroke:  color-mix(in srgb, var(--fg) 12%, var(--bg));
    --_key-badge:     color-mix(in srgb, var(--fg) 10%, var(--bg));
  }
</style>
<defs>
  <marker id="seq-arrow" markerWidth="8" markerHeight="5" refX="8" refY="2.5" orient="auto-start-reverse">
    <polygon points="0 0, 8 2.5, 0 5" fill="var(--_arrow)" />
  </marker>
  <marker id="seq-arrow-open" markerWidth="8" markerHeight="5" refX="8" refY="2.5" orient="auto-start-reverse">
    <polyline points="0 0, 8 2.5, 0 5" fill="none" stroke="var(--_arrow)" stroke-width="1" />
  </marker>
</defs>
<line class="lifeline" data-actor="ユーザー" x1="76.615" y1="70" x2="76.615" y2="170" stroke="var(--_line)" stroke-width="0.75" stroke-dasharray="6 4" />
<line class="lifeline" data-actor="サーバー" x1="216.615" y1="70" x2="216.615" y2="170" stroke="var(--_line)" stroke-width="0.75" stroke-dasharray="6 4" />
<g class="message" data-from="ユーザー" data-to="サーバー" data-label="🚀 こんにちは!" data-line-style="solid" data-arrow-head="filled" data-self="false">
  <line x1="76.615" y1="90" x2="216.615" y2="90" stroke="var(--_line)" stroke-width="1" marker-end="url(#seq-arrow)" />
  <text x="146.615" y="80" font-size="11" text-anchor="middle" font-weight="400" fill="var(--_text-muted)" dy="3.8499999999999996">🚀 こんにちは!</text>
</g>
<g class="message" data-from="サーバー" data-to="ユーザー" data-label="サーバーからの応答" data-line-style="dashed" data-arrow-head="filled" data-self="false">
  <line x1="216.615" y1="130" x2="76.615" y2="130" stroke="var(--_line)" stroke-width="1" stroke-dasharray="6 4" marker-end="url(#seq-arrow)" />
  <text x="146.615" y="120" font-size="11" text-anchor="middle" font-weight="400" fill="var(--_text-muted)" dy="3.8499999999999996">サーバーからの応答</text>
</g>
<g class="actor" data-id="ユーザー" data-label="ユーザー" data-type="participant">
  <rect x="30" y="30" width="93.22999999999999" height="40" rx="4" ry="4" fill="var(--_node-fill)" stroke="var(--_node-stroke)" stroke-width="1" />
  <text x="76.615" y="50" font-size="13" text-anchor="middle" font-weight="500" fill="var(--_text)" dy="4.55">ユーザー</text>
</g>
<g class="actor" data-id="サーバー" data-label="サーバー" data-type="participant">
  <rect x="170" y="30" width="93.22999999999999" height="40" rx="4" ry="4" fill="var(--_node-fill)" stroke="var(--_node-stroke)" stroke-width="1" />
  <text x="216.615" y="50" font-size="13" text-anchor="middle" font-weight="500" fill="var(--_text)" dy="4.55">サーバー</text>
</g>
</svg>
test tests::test_render_utf8 ... ok

test result: ok. 1 passed; 0 failed; 0 ignored; 0 measured; 1 filtered out; finished in 0.07s

